
    // GIT Version Control System (VCS) .. local repo!!!
   
#        // Install git..
$ sudo apt install git

        // create a folder .. 'kt' & move there..

..~/kt$
        ..
        
#        // Initialize above folder as a 'git' VCS (local) repository & Configure ..
..~/kt$ git init

..~/kt$ git config --global user.name "K S"
..~/kt$ git config --global user.email "ks@ttt.com"


#        // status - shows changes made since last version..
..~/kt$ git status


#        // log - check state of version history..
    // To show current commit & all commits behind the current commit ('All commits in version history'!)..
..~/kt$ git log
    // To also show commits in front of current commit..
..~/kt$ git log --all
..~/kt$ git log --all --graph

        // logging ..
// ! `HEAD` spotifier indicates currently-viewing(highlighted) version commit !! (Names may change for diff version of git!)
// !!! `master` 'branch-name' indicates the latest(furthest) commit to a branch !!! (Names may change for diff version of git!)



        // Create a folder 'git_kt' in the folder 'kt' !
    // Create file "git_kt.txt" in the folder 'git_kt' !


#        // add - Stage any change recorded/reflecting/shown (adding/removing/updating of files&folders) in Working area of VCS !!
// Add all entries in current("period" parameter is passed) folder shown($git $status) in Working area, to Staging area of VCS for entry into next version-commit..
..~/kt$ git add .
// Add entire content of folder 'git_kt' (& its sub-folders) shown in Working area, to Staging area (Grooming for entry into next version-commit of VCS)..
..~/kt$ git add git_kt
// Add a file 'git_kt.txt' shown in Working area, to Staging area (Grooming for entry into next version-commit)..
..~/kt$ git add git_kt.txt



#        // Commit staged content to next version..
..~/kt$ git commit -m "V1 .. irrelevant msg expression"

    // Handle (fix) messups of previous commit.. like missing code or files, msg spelling corrections, etc.. of above commit..
    ..~/kt$ git commit -m "V1 .. relevant msg expression" --amend



#        // reset - Move entries from Staging area back to Working area !!
// Remove every entry shown($git $status) in Staging area & move back to Working area..
..~/kt$ git reset .
// Remove entire content of folder 'git_kt' shown in Staging area & move back to Working area..
..~/kt$ git reset git_kt
// Remove a file 'git_kt.txt' shown in Staging area & move back to Working area..
..~/kt$ git reset git_kt.txt



#        // -- - Delete entries from working area & out of VCS !!
// Delete every entry shown($git $status) in Working area..
..~/kt$ git checkout -- .
// Delete entire content of folder 'git_kt' shown in Working area..
..~/kt$ git checkout -- git_kt
// Delete a file 'git_kt.txt' shown in Working area..
..~/kt$ git checkout -- git_kt.txt



##        // Stage & Commit ongoing work(usr-stories/tickets) to next version..
..~/kt$ git add .
..~/kt$ git commit -m "V2 .. respective relevant msg expression &| usr-story/ticket"


##        // Stage & Commit more ongoing work to next version..
..~/kt$ git add .
..~/kt$ git commit -m "V3 .."



#        // View (Check out / See) previous version commits..
// Use commit_hash id reflecting($git $log) of the previous version commit..
..~/kt$ git checkout <commit_hash>
or..
// Use branch name of the previous version commit..
..~/kt$ git checkout <branch_name>

// `master` spotifier entry will stay shown beside latest commit of a branch!
// `HEAD` spotifier will now reflect beside the version commit we are now currently viewing!


###
        // Move back to viewing master version commit (!"HEAD gets placed back beside `master` version commit"!!)..
..~/kt$ git checkout master
###

   #     // Update master version commit to a previous version commit (which version commit to restore from)..
    // !!! Run $git $checkout $master & set view bk to `master` "before executing below cmds"!! .. else you will be *branching away!!!
// Update every entry..
..~/kt$ git checkout <prev_Ver_commit_Hash> .
// Update entire content of folder 'git_kt'..
..~/kt$ git checkout <prev_Ver_commit_Hash> git_kt
// Update a file 'git_kt.txt'..
..~/kt$ git checkout <prev_Ver_commit_Hash> git_kt.txt

#    // Above cmd/s automatically stage !!

        // Commit restored('in-part or whole') version, staged under current `master`, as a brand-new - latest `master` version commit..
        ..~/kt$ git commit -m "V1 .. restoration msg expression"


###
        // Ignoring critical files or unnecessary folders..
// 1. Create a file .. '.gitignore' in folder "kt", and enter file or folder names -> 1 entry per line!!
// 2. Do track the .gitignore file, to maintain an up-to-date ignored-files-list..  
..~/kt$ git add .
..~/kt$ git commit -m "Add git ignore"


# !!!
        // Completely remove git from the project..
..~/kt$ sudo rm -rf .git
# !!!



""!''
    ###    ---     // *** ! ~ ! *** //    ---     ###
''!""



    // GIT Version Control System (VCS) in GITHUB.. remote repo!!!


#// Goto github.com and create an account!
    // Create a public (remote) repository with the same name 'kt', so as to match local repo folder!! (You can, however, name it anything you want)!!!



#// Configure git with github user name!!! ..
..~/kt$ git config --global credential.username "plavashetty"


#                        // git push ..
// Upload local repo into remote repo (push 1 branch of commits at a time)..


    // Add link betw remote & local.. 
        // (!'origin' nickname given to remote!)
            // (!url of remote repo!)
..~/kt$ git remote add origin https://github.com/plavashetty/kt.git

    // Check the link from local to remote..
..~/kt$ git remote
..~/kt$ git remote -v
        // above cmds return list of currently linked remote repos!


    // Upload "push" code to remote..
        // (which remote repo name to push code to - 'origin')
            // (which local repo branch name code to push code from - "master")
..~/kt$ git push origin master
#        // ONLY COMMITS ARE PUSHED - NOT WORKING OR STAGING CHANGES!!!



!!! "Passwd auth support is removed .. hence use a token.."!!!
    // Goto github - account settings - dev settings - personal access tokens - generate token ..
        // 'Note: access-token'
            'Expiry: 7 days'
            'Check repo scope checkbox'
    // Copy the generated token into a git ignore secrets txt file ..
// Paste this token when prompted for passwd in $git $push cmd..

###                 ###                 ###

// "To ssh into remote".., first remove existing https link to remote branch `origin`.. & add ssh link instead.. 

# !!!
// Remove link to remote repo.. 
..~/kt$ git remote remove origin
# !!!

// Add the ssh link betw remote and local..
..~$ git remote add origin git@github.com:plavashetty/kt.git
    // and check updated link entry..
        ..~$ git remote -v

#
// Generate ssh keys locally..
        ..~$ ssh-keygen -t ed25519 -C "plavashetty@gmail.com"
// Start ssh-agent in bkgnd..
        ..~$ eval "$(ssh-agent -s)"
// Add ssh pvt key to ssh-agent..
        ..~$ ssh-add ~/.ssh/id_ed25519

// Copy ssh pub key from..
        ..~$ cat ~/.ssh/id_ed25519.pub
#
// Add the SSH public key to your account on GitHub ..
    // Goto github - settings - SSH & GPG keys - new ssh key - paste the copied ssh pub key here ..
    // Test ssh connection to GitHub..
        ..~$ ssh -T git@github.com

###
// Add changes, Commit & $git $push from local to remote..
        ..~/kt$ git push origin master


###
// Once $git $push completes, GITHUB repo master branch now reflects the local repo master branch!!!

    // We can now see an 'origin/master' "remote tacking branch" ..
        // along with the 'HEAD -> master' local branch being logged in git..
..~/kt$ git log --all --graph
        // GITHUB now has a copy of the local `master` branch!


###
    // "FORCE push commit to remote" to push '--amend' commits to remote .. 
# Use it to HANDLE MESSUPS .. (as github does bnot otherwise allow this type of commit)..
..~/kt$ git push origin master -f
###

// git push shortcut..
..~/kt$ git push origin master --set-upstream
    // now you can use shortcut ..
..~/kt$ git push
        // & git will auto memorize origin & master for us!


###                 ###                 ###
    // Download "clone" copy of git repo from github.. "1 time job"
        // Downloads to 'kt' folder in PWD..
..~/kt$ git clone https://github.com/plavashetty/kt.git
        // Optionally provide a folder to download repo to..
..~/kt$ git clone https://github.com/plavashetty/kt.git ~/Downloads/clonedRepo
###                 ###                 ###


### REMOTE TRACKING BRANCHES DO NOT AUTO UPDATE ..
    // Update all remote tracking branches "fetch" to current state (origin master) in github..
..~/kt$ git fetch 


### Update & sync local branch to sync to remote origin branch..
    // Sync updated remote commit to local repo.. 
..~/kt$ git pull origin master




""!''
    ###    ---     // *** ! ~ ! *** //    ---     ###
''!""



    // 'Branching'    'Merging'     &     "Feature Branch Workflow"     !!!


// Create a new branch from master branch.. (Name the branch to describe what feature you are working on..)
$ git branch branchNameFeature1
        //  A copy is made    (HEAD -> master, branchNameFeature1)
    // Use the copy to make new features changes/commits ..
    
###
// Switch branch to work on ..
$ git checkout branchNameFeature1
    // (HEAD -> branchNameFeature1, master) All commits mafe will be on the branch that the HEAD points to!!!




